// Jest Snapshot v1, https://goo.gl/fbAQLP

exports[`<About /> renders and matches the snapshot 1`] = `ShallowWrapper {}`;
