// Jest Snapshot v1, https://goo.gl/fbAQLP

exports[`<Developer /> renders and matches the snapshot 1`] = `ShallowWrapper {}`;
