// Jest Snapshot v1, https://goo.gl/fbAQLP

exports[`<Earlex /> renders and matches the snapshot 1`] = `ShallowWrapper {}`;
