// Jest Snapshot v1, https://goo.gl/fbAQLP

exports[`<index /> renders and matches the snapshot 1`] = `ShallowWrapper {}`;
