// Jest Snapshot v1, https://goo.gl/fbAQLP

exports[`<PowWow /> renders and matches the snapshot 1`] = `ShallowWrapper {}`;
